// Jest Snapshot v1, https://goo.gl/fbAQLP

exports[`Pruebas en <NoteScreen /> debe de mostrarse correctamente 1`] = `
<div
  className="notes__main-content"
>
  <div
    className="notes__appbar"
  >
    <span>
      28 de agosto 2020
    </span>
    <input
      id="fileSelector"
      onChange={[Function]}
      style={
        Object {
          "display": "none",
        }
      }
      type="file"
    />
    <div>
      <button
        className="btn"
        onClick={[Function]}
      >
        Picture
      </button>
      <button
        className="btn"
        onClick={[Function]}
      >
        Save
      </button>
    </div>
  </div>
  <div
    className="notes__content"
  >
    <input
      autoComplete="false"
      className="notes__title-input"
      name="title"
      onChange={[Function]}
      placeholder="Este es el titulo"
      type="text"
      value="hola,"
    />
    <textarea
      className="notes__textarea"
      name="body"
      onChange={[Function]}
      placeholder="algo asombroso aqui"
      value="mundo"
    />
  </div>
  <button
    className="btn btn-danger"
    onClick={[Function]}
  >
    Delete
  </button>
</div>
`;
